Archive member included to satisfy reference by file (symbol)

d:/program files (x86)/atmel/studio/7.0/toolchain/avr8/avr8-gnu-toolchain/bin/../lib/gcc/avr/5.4.0/../../../../avr/lib/avr5\libm.a(addsf3.o)
                              adc.o (__subsf3)
d:/program files (x86)/atmel/studio/7.0/toolchain/avr8/avr8-gnu-toolchain/bin/../lib/gcc/avr/5.4.0/../../../../avr/lib/avr5\libm.a(addsf3x.o)
                              d:/program files (x86)/atmel/studio/7.0/toolchain/avr8/avr8-gnu-toolchain/bin/../lib/gcc/avr/5.4.0/../../../../avr/lib/avr5\libm.a(addsf3.o) (__addsf3x)
d:/program files (x86)/atmel/studio/7.0/toolchain/avr8/avr8-gnu-toolchain/bin/../lib/gcc/avr/5.4.0/../../../../avr/lib/avr5\libm.a(cmpsf2.o)
                              tinyexpr.o (__eqsf2)
d:/program files (x86)/atmel/studio/7.0/toolchain/avr8/avr8-gnu-toolchain/bin/../lib/gcc/avr/5.4.0/../../../../avr/lib/avr5\libm.a(divsf3.o)
                              adc.o (__divsf3)
d:/program files (x86)/atmel/studio/7.0/toolchain/avr8/avr8-gnu-toolchain/bin/../lib/gcc/avr/5.4.0/../../../../avr/lib/avr5\libm.a(divsf3x.o)
                              d:/program files (x86)/atmel/studio/7.0/toolchain/avr8/avr8-gnu-toolchain/bin/../lib/gcc/avr/5.4.0/../../../../avr/lib/avr5\libm.a(divsf3.o) (__divsf3x)
d:/program files (x86)/atmel/studio/7.0/toolchain/avr8/avr8-gnu-toolchain/bin/../lib/gcc/avr/5.4.0/../../../../avr/lib/avr5\libm.a(floatsisf.o)
                              adc.o (__floatunsisf)
d:/program files (x86)/atmel/studio/7.0/toolchain/avr8/avr8-gnu-toolchain/bin/../lib/gcc/avr/5.4.0/../../../../avr/lib/avr5\libm.a(fmod.o)
                              tinyexpr.o (fmod)
d:/program files (x86)/atmel/studio/7.0/toolchain/avr8/avr8-gnu-toolchain/bin/../lib/gcc/avr/5.4.0/../../../../avr/lib/avr5\libm.a(fp_cmp.o)
                              d:/program files (x86)/atmel/studio/7.0/toolchain/avr8/avr8-gnu-toolchain/bin/../lib/gcc/avr/5.4.0/../../../../avr/lib/avr5\libm.a(cmpsf2.o) (__fp_cmp)
d:/program files (x86)/atmel/studio/7.0/toolchain/avr8/avr8-gnu-toolchain/bin/../lib/gcc/avr/5.4.0/../../../../avr/lib/avr5\libm.a(fp_inf.o)
                              d:/program files (x86)/atmel/studio/7.0/toolchain/avr8/avr8-gnu-toolchain/bin/../lib/gcc/avr/5.4.0/../../../../avr/lib/avr5\libm.a(addsf3x.o) (__fp_inf)
d:/program files (x86)/atmel/studio/7.0/toolchain/avr8/avr8-gnu-toolchain/bin/../lib/gcc/avr/5.4.0/../../../../avr/lib/avr5\libm.a(fp_mpack.o)
                              d:/program files (x86)/atmel/studio/7.0/toolchain/avr8/avr8-gnu-toolchain/bin/../lib/gcc/avr/5.4.0/../../../../avr/lib/avr5\libm.a(fmod.o) (__fp_mpack)
d:/program files (x86)/atmel/studio/7.0/toolchain/avr8/avr8-gnu-toolchain/bin/../lib/gcc/avr/5.4.0/../../../../avr/lib/avr5\libm.a(fp_nan.o)
                              d:/program files (x86)/atmel/studio/7.0/toolchain/avr8/avr8-gnu-toolchain/bin/../lib/gcc/avr/5.4.0/../../../../avr/lib/avr5\libm.a(addsf3x.o) (__fp_nan)
d:/program files (x86)/atmel/studio/7.0/toolchain/avr8/avr8-gnu-toolchain/bin/../lib/gcc/avr/5.4.0/../../../../avr/lib/avr5\libm.a(fp_pscA.o)
                              d:/program files (x86)/atmel/studio/7.0/toolchain/avr8/avr8-gnu-toolchain/bin/../lib/gcc/avr/5.4.0/../../../../avr/lib/avr5\libm.a(addsf3x.o) (__fp_pscA)
d:/program files (x86)/atmel/studio/7.0/toolchain/avr8/avr8-gnu-toolchain/bin/../lib/gcc/avr/5.4.0/../../../../avr/lib/avr5\libm.a(fp_pscB.o)
                              d:/program files (x86)/atmel/studio/7.0/toolchain/avr8/avr8-gnu-toolchain/bin/../lib/gcc/avr/5.4.0/../../../../avr/lib/avr5\libm.a(addsf3x.o) (__fp_pscB)
d:/program files (x86)/atmel/studio/7.0/toolchain/avr8/avr8-gnu-toolchain/bin/../lib/gcc/avr/5.4.0/../../../../avr/lib/avr5\libm.a(fp_round.o)
                              d:/program files (x86)/atmel/studio/7.0/toolchain/avr8/avr8-gnu-toolchain/bin/../lib/gcc/avr/5.4.0/../../../../avr/lib/avr5\libm.a(addsf3.o) (__fp_round)
d:/program files (x86)/atmel/studio/7.0/toolchain/avr8/avr8-gnu-toolchain/bin/../lib/gcc/avr/5.4.0/../../../../avr/lib/avr5\libm.a(fp_split3.o)
                              d:/program files (x86)/atmel/studio/7.0/toolchain/avr8/avr8-gnu-toolchain/bin/../lib/gcc/avr/5.4.0/../../../../avr/lib/avr5\libm.a(addsf3x.o) (__fp_split3)
d:/program files (x86)/atmel/studio/7.0/toolchain/avr8/avr8-gnu-toolchain/bin/../lib/gcc/avr/5.4.0/../../../../avr/lib/avr5\libm.a(fp_zero.o)
                              d:/program files (x86)/atmel/studio/7.0/toolchain/avr8/avr8-gnu-toolchain/bin/../lib/gcc/avr/5.4.0/../../../../avr/lib/avr5\libm.a(addsf3x.o) (__fp_zero)
d:/program files (x86)/atmel/studio/7.0/toolchain/avr8/avr8-gnu-toolchain/bin/../lib/gcc/avr/5.4.0/../../../../avr/lib/avr5\libm.a(gesf2.o)
                              main.o (__gesf2)
d:/program files (x86)/atmel/studio/7.0/toolchain/avr8/avr8-gnu-toolchain/bin/../lib/gcc/avr/5.4.0/../../../../avr/lib/avr5\libm.a(mulsf3.o)
                              adc.o (__mulsf3)
[...]
Memory Configuration

Name             Origin             Length             Attributes
text             0x00000000         0x00020000         xr
data             0x00800060         0x0000ffa0         rw !x
eeprom           0x00810000         0x00010000         rw !x
fuse             0x00820000         0x00000003         rw !x
lock             0x00830000         0x00000400         rw !x
signature        0x00840000         0x00000400         rw !x
user_signatures  0x00850000         0x00000400         rw !x
*default*        0x00000000         0xffffffff

Linker script and memory map

Address of section .data set to 0x800100
LOAD D:/Program Files (x86)/Atmel/Studio/7.0/Packs/atmel/ATmega_DFP/1.3.300/gcc/dev/atmega328p/avr5/crtatmega328p.o
LOAD adc.o
LOAD buttons.o
LOAD interface.o
LOAD lcd.o
LOAD main.o
LOAD tinyexpr.o
LOAD uart.o
LOAD wlan.o
START GROUP
LOAD d:/program files (x86)/atmel/studio/7.0/toolchain/avr8/avr8-gnu-toolchain/bin/../lib/gcc/avr/5.4.0/../../../../avr/lib/avr5\libm.a
END GROUP
START GROUP
LOAD d:/program files (x86)/atmel/studio/7.0/toolchain/avr8/avr8-gnu-toolchain/bin/../lib/gcc/avr/5.4.0/avr5\libgcc.a
LOAD d:/program files (x86)/atmel/studio/7.0/toolchain/avr8/avr8-gnu-toolchain/bin/../lib/gcc/avr/5.4.0/../../../../avr/lib/avr5\libm.a
LOAD d:/program files (x86)/atmel/studio/7.0/toolchain/avr8/avr8-gnu-toolchain/bin/../lib/gcc/avr/5.4.0/../../../../avr/lib/avr5\libc.a
LOAD D:/Program Files (x86)/Atmel/Studio/7.0/Packs/atmel/ATmega_DFP/1.3.300/gcc/dev/atmega328p/avr5\libatmega328p.a
END GROUP
                0x00000000                __TEXT_REGION_ORIGIN__ = DEFINED (__TEXT_REGION_ORIGIN__)?__TEXT_REGION_ORIGIN__:0x0
                0x00800060                __DATA_REGION_ORIGIN__ = DEFINED (__DATA_REGION_ORIGIN__)?__DATA_REGION_ORIGIN__:0x800060
                0x00020000                __TEXT_REGION_LENGTH__ = DEFINED (__TEXT_REGION_LENGTH__)?__TEXT_REGION_LENGTH__:0x20000
                0x0000ffa0                __DATA_REGION_LENGTH__ = DEFINED (__DATA_REGION_LENGTH__)?__DATA_REGION_LENGTH__:0xffa0
                0x00010000                __EEPROM_REGION_LENGTH__ = DEFINED (__EEPROM_REGION_LENGTH__)?__EEPROM_REGION_LENGTH__:0x10000
                [0x00000003]                __FUSE_REGION_LENGTH__ = DEFINED (__FUSE_REGION_LENGTH__)?__FUSE_REGION_LENGTH__:0x400
                0x00000400                __LOCK_REGION_LENGTH__ = DEFINED (__LOCK_REGION_LENGTH__)?__LOCK_REGION_LENGTH__:0x400
                0x00000400                __SIGNATURE_REGION_LENGTH__ = DEFINED (__SIGNATURE_REGION_LENGTH__)?__SIGNATURE_REGION_LENGTH__:0x400
                0x00000400                __USER_SIGNATURE_REGION_LENGTH__ = DEFINED (__USER_SIGNATURE_REGION_LENGTH__)?__USER_SIGNATURE_REGION_LENGTH__:0x400

.hash
 *(.hash)

.dynsym
 *(.dynsym)

.dynstr
 *(.dynstr)

.gnu.version
 *(.gnu.version)

.gnu.version_d
 *(.gnu.version_d)

.gnu.version_r
 *(.gnu.version_r)

.rel.init
 *(.rel.init)

.rela.init
 *(.rela.init)

.rel.text
 *(.rel.text)
 *(.rel.text.*)
 *(.rel.gnu.linkonce.t*)

.rela.text
 *(.rela.text)
 *(.rela.text.*)
 *(.rela.gnu.linkonce.t*)

.rel.fini
 *(.rel.fini)

.rela.fini
 *(.rela.fini)

.rel.rodata
 *(.rel.rodata)
 *(.rel.rodata.*)
 *(.rel.gnu.linkonce.r*)

.rela.rodata
 *(.rela.rodata)
 *(.rela.rodata.*)
 *(.rela.gnu.linkonce.r*)

.rel.data
 *(.rel.data)
 *(.rel.data.*)
 *(.rel.gnu.linkonce.d*)

.rela.data
 *(.rela.data)
 *(.rela.data.*)
 *(.rela.gnu.linkonce.d*)

.rel.ctors
 *(.rel.ctors)

.rela.ctors
 *(.rela.ctors)

.rel.dtors
 *(.rel.dtors)

.rela.dtors
 *(.rela.dtors)

.rel.got
 *(.rel.got)

.rela.got
 *(.rela.got)

.rel.bss
 *(.rel.bss)

.rela.bss
 *(.rela.bss)

.rel.plt
 *(.rel.plt)

.rela.plt
 *(.rela.plt)

.text           0x00000000     0x637a
 *(.vectors)
 .vectors       0x00000000       0x68 D:/Program Files (x86)/Atmel/Studio/7.0/Packs/atmel/ATmega_DFP/1.3.300/gcc/dev/atmega328p/avr5/crtatmega328p.o
                0x00000000                __vector_default
                0x00000000                __vectors
 *(.vectors)
 *(.progmem.gcc*)
 .progmem.gcc_sw_table.te_free_parameters
                0x00000068       0x1e tinyexpr.o
 .progmem.gcc_sw_table.base
                0x00000086       0x30 tinyexpr.o
 .progmem.gcc_sw_table.te_eval
                0x000000b6       0x1c tinyexpr.o
 .progmem.gcc_fplib
                0x000000d2       0x28 d:/program files (x86)/atmel/studio/7.0/toolchain/avr8/avr8-gnu-toolchain/bin/../lib/gcc/avr/5.4.0/../../../../avr/lib/avr5\libm.a(exp.o)
 .progmem.gcc_fplib
                0x000000fa       0x5a d:/program files (x86)/atmel/studio/7.0/toolchain/avr8/avr8-gnu-toolchain/bin/../lib/gcc/avr/5.4.0/../../../../avr/lib/avr5\libm.a(log.o)
                0x00000154                . = ALIGN (0x2)
                0x00000154                __trampolines_start = .
 *(.trampolines)
 .trampolines   0x00000154        0x0 linker stubs
 *(.trampolines*)
                0x00000154                __trampolines_end = .
 *libprintf_flt.a:*(.progmem.data)
 *libc.a:*(.progmem.data)
 .progmem.data  0x00000154       0x3b d:/program files (x86)/atmel/studio/7.0/toolchain/avr8/avr8-gnu-toolchain/bin/../lib/gcc/avr/5.4.0/../../../../avr/lib/avr5\libc.a(strtod.o)
 .progmem.data  0x0000018f       0xfa d:/program files (x86)/atmel/studio/7.0/toolchain/avr8/avr8-gnu-toolchain/bin/../lib/gcc/avr/5.4.0/../../../../avr/lib/avr5\libc.a(ftoa_engine.o)
 *(.progmem*)
 .progmem.data.KbLayoutShift
                0x00000289       0x38 interface.o
                0x00000289                KbLayoutShift
 .progmem.data.KbLayout
                0x000002c1       0x38 interface.o
                0x000002c1                KbLayout
 .progmem.data.FontEx
                0x000002f9       0x2a lcd.o
                0x000002f9                FontEx
 .progmem.data.Font
                0x00000323      0x300 lcd.o
                0x00000323                Font
 .progmem.data.__c.2879
                0x00000623        0xf main.o
 .progmem.data.__c.2877
                0x00000632        0x2 main.o
 .progmem.data.__c.2875
                0x00000634        0x3 main.o
 .progmem.data.__c.2873
                0x00000637        0x4 main.o
 .progmem.data.__c.2871
                0x0000063b        0x2 main.o
 .progmem.data.__c.2869
                0x0000063d        0x3 main.o
 .progmem.data.__c.2867
                0x00000640        0x4 main.o
 .progmem.data.__c.2862
                0x00000644        0xc main.o
 .progmem.data.__c.2860
                0x00000650        0x7 main.o
 .progmem.data.__c.2858
                0x00000657        0x6 main.o
 .progmem.data.__c.2851
                0x0000065d        0xf main.o
 .progmem.data.__c.2845
                0x0000066c        0xa main.o
 .progmem.data.__c.2826
                0x00000676        0xe main.o
 .progmem.data.__c.2824
                0x00000684        0xc main.o
 .progmem.data.__c.2822
                0x00000690        0xf main.o
 .progmem.data.__c.2820
                0x0000069f        0x3 main.o
 .progmem.data.__c.2818
                0x000006a2        0xd main.o
 .progmem.data.__c.2816
                0x000006af        0xd main.o
 .progmem.data.__c.2813
                0x000006bc        0xd main.o
 .progmem.data.__c.2810
                0x000006c9        0xb main.o
 .progmem.data.__c.2807
                0x000006d4        0xe main.o
 .progmem.data.__c.2803
                0x000006e2        0xf main.o
 .progmem.data.__c.2800
                0x000006f1        0xd main.o
 .progmem.data.__c.2794
                0x000006fe        0x2 main.o
 .progmem.data.__c.2792
                0x00000700        0xc main.o
 .progmem.data.__c.2790
                0x0000070c        0x6 main.o
 .progmem.data.__c.2788
                0x00000712        0x2 main.o
 .progmem.data.__c.2595
                0x00000714        0xa main.o
 .progmem.data.__c.2587
                0x0000071e        0xb main.o
 .progmem.data.__c.2579
                0x00000729        0xb main.o
 .progmem.data.__c.2541
                0x00000734        0xb main.o
 .progmem.data.__c.2533
                0x0000073f        0xb main.o
 .progmem.data.__c.2526
                0x0000074a       0x11 main.o
 .progmem.data.__c.2511
                0x0000075b       0x11 main.o
 .progmem.data.__c.2501
                0x0000076c        0x2 main.o
 .progmem.data.__c.2499
                0x0000076e        0x2 main.o
 .progmem.data.__c.2496
                0x00000770        0xe main.o
 .progmem.data.__c.2488
                0x0000077e        0xf main.o
 .progmem.data.__c.2480
                0x0000078d        0xb main.o
 .progmem.data.__c.2466
                0x00000798        0xf main.o
 .progmem.data.__c.2463
                0x000007a7        0xf main.o
 .progmem.data.__c.2461
                0x000007b6        0xd main.o
 .progmem.data.__c.2451
                0x000007c3        0x9 main.o
 .progmem.data.__c.2447
                0x000007cc        0xf main.o
 .progmem.data.Menu_Main
                0x000007db       0x13 main.o
                0x000007db                Menu_Main
 .progmem.data.Menu_Main_Title
                0x000007ee        0x9 main.o
                0x000007ee                Menu_Main_Title
 .progmem.data.Menu_Main_Backlight
                0x000007f7        0x5 main.o
                0x000007f7                Menu_Main_Backlight
 .progmem.data.BacklightScrollbarFunction
                0x000007fc        0x2 main.o
                0x000007fc                BacklightScrollbarFunction
 .progmem.data.Menu_Main_Backlight_Text
                0x000007fe        0xa main.o
                0x000007fe                Menu_Main_Backlight_Text
 .progmem.data.Menu_Main_Brightness
                0x00000808        0x5 main.o
                0x00000808                Menu_Main_Brightness
 .progmem.data.BrightnessScrollbarFunction
                0x0000080d        0x2 main.o
                0x0000080d                BrightnessScrollbarFunction
 .progmem.data.Menu_Main_Brightness_Text
                0x0000080f        0xb main.o
                0x0000080f                Menu_Main_Brightness_Text
 .progmem.data.Menu_Main_System
                0x0000081a        0x5 main.o
                0x0000081a                Menu_Main_System
 .progmem.data.SystemFunction
                0x0000081f        0x2 main.o
                0x0000081f                SystemFunction
 .progmem.data.Menu_Main_System_Text
                0x00000821        0xc main.o
                0x00000821                Menu_Main_System_Text
 .progmem.data.Menu_Main_Sensors
                0x0000082d        0x5 main.o
                0x0000082d                Menu_Main_Sensors
 .progmem.data.SensorsMenuFunction
                0x00000832        0x2 main.o
                0x00000832                SensorsMenuFunction
 .progmem.data.Menu_Main_Network
                0x00000834        0x5 main.o
                0x00000834                Menu_Main_Network
 .progmem.data.ConfigApFunction
                0x00000839        0x2 main.o
                0x00000839                ConfigApFunction
 .progmem.data.Menu_Sensors
                0x0000083b       0x13 main.o
                0x0000083b                Menu_Sensors
 .progmem.data.Menu_Trigger1
                0x0000084e        0x5 main.o
                0x0000084e                Menu_Trigger1
 .progmem.data.Trigger1Function
                0x00000853        0x2 main.o
                0x00000853                Trigger1Function
 .progmem.data.Menu_Trigger1_Text
                0x00000855        0x9 main.o
                0x00000855                Menu_Trigger1_Text
 .progmem.data.Menu_Trigger0
                0x0000085e        0x5 main.o
                0x0000085e                Menu_Trigger0
 .progmem.data.Trigger0Function
                0x00000863        0x2 main.o
                0x00000863                Trigger0Function
 .progmem.data.Menu_Trigger0_Text
                0x00000865        0x9 main.o
                0x00000865                Menu_Trigger0_Text
 .progmem.data.Menu_Sensor1
                0x0000086e        0x5 main.o
                0x0000086e                Menu_Sensor1
 .progmem.data.Sensor1Function
                0x00000873        0x2 main.o
                0x00000873                Sensor1Function
 .progmem.data.Menu_Sensor1_Text
                0x00000875        0x8 main.o
                0x00000875                Menu_Sensor1_Text
 .progmem.data.Menu_Sensor0
                0x0000087d        0x5 main.o
                0x0000087d                Menu_Sensor0
 .progmem.data.Sensor0Function
                0x00000882        0x2 main.o
                0x00000882                Sensor0Function
 .progmem.data.Menu_Sensor0_Text
                0x00000884        0x8 main.o
                0x00000884                Menu_Sensor0_Text
 .progmem.data.Menu_SensorConfig
                0x0000088c       0x13 main.o
                0x0000088c                Menu_SensorConfig
 .progmem.data.Menu_Sensor_IOExpression
                0x0000089f        0x5 main.o
                0x0000089f                Menu_Sensor_IOExpression
 .progmem.data.IOExpressionFunction
                0x000008a4        0x2 main.o
                0x000008a4                IOExpressionFunction
 .progmem.data.Menu_Sensor_IOExpression_Text
                0x000008a6        0xb main.o
                0x000008a6                Menu_Sensor_IOExpression_Text
 .progmem.data.Menu_Sensor_IOName
                0x000008b1        0x5 main.o
                0x000008b1                Menu_Sensor_IOName
 .progmem.data.IONameFunction
                0x000008b6        0x2 main.o
                0x000008b6                IONameFunction
 .progmem.data.Menu_Sensor_IOName_Text
                0x000008b8        0x5 main.o
                0x000008b8                Menu_Sensor_IOName_Text
 .progmem.data.Menu_Sensor_IOSwitch
                0x000008bd        0x5 main.o
                0x000008bd                Menu_Sensor_IOSwitch
 .progmem.data.IOSwitchFunction
                0x000008c2        0x2 main.o
                0x000008c2                IOSwitchFunction
 .progmem.data.Menu_Sensor_IOSwitch_Text
                0x000008c4        0x7 main.o
                0x000008c4                Menu_Sensor_IOSwitch_Text
 .progmem.data.Menu_Sensors_Text
                0x000008cb        0x8 main.o
                0x000008cb                Menu_Sensors_Text
 .progmem.data.Menu_Network
                0x000008d3       0x13 main.o
                0x000008d3                Menu_Network
 .progmem.data.Menu_Network_Text
                0x000008e6        0x8 main.o
                0x000008e6                Menu_Network_Text
 .progmem.data.Menu_Network_Test
                0x000008ee        0x5 main.o
                0x000008ee                Menu_Network_Test
 .progmem.data.Menu_Network_Test_Text
                0x000008f3        0x5 main.o
                0x000008f3                Menu_Network_Test_Text
 .progmem.data.Menu_Network_Connection
                0x000008f8        0x5 main.o
                0x000008f8                Menu_Network_Connection
 .progmem.data.ConnectionFunction
                0x000008fd        0x2 main.o
                0x000008fd                ConnectionFunction
 .progmem.data.Menu_Network_Connection_Text
                0x000008ff        0xb main.o
                0x000008ff                Menu_Network_Connection_Text
 .progmem.data.Menu_Network_Broker
                0x0000090a        0x5 main.o
                0x0000090a                Menu_Network_Broker
 .progmem.data.BrokerFunction
                0x0000090f        0x2 main.o
                0x0000090f                BrokerFunction
 .progmem.data.Menu_Network_Broker_Text
                0x00000911        0xa main.o
                0x00000911                Menu_Network_Broker_Text
 .progmem.data.Menu_Network_Password
                0x0000091b        0x5 main.o
                0x0000091b                Menu_Network_Password
 .progmem.data.PasswordFunction
                0x00000920        0x2 main.o
                0x00000920                PasswordFunction
 .progmem.data.Menu_Network_Password_Text
                0x00000922        0x9 main.o
                0x00000922                Menu_Network_Password_Text
 .progmem.data.Menu_Network_ManualSSID
                0x0000092b        0x5 main.o
                0x0000092b                Menu_Network_ManualSSID
 .progmem.data.ManualSSIDFunction
                0x00000930        0x2 main.o
                0x00000930                ManualSSIDFunction
 .progmem.data.Menu_Network_ManualSSID_Text
                0x00000932        0xc main.o
                0x00000932                Menu_Network_ManualSSID_Text
 .progmem.data.Menu_Network_APScan
                0x0000093e        0x5 main.o
                0x0000093e                Menu_Network_APScan
 .progmem.data.APFunction
                0x00000943        0x2 main.o
                0x00000943                APFunction
 .progmem.data.Menu_Network_AP_Text
                0x00000945        0xd main.o
                0x00000945                Menu_Network_AP_Text
 .progmem.data.WlanSigStrong
                0x00000952        0x6 main.o
                0x00000952                WlanSigStrong
 .progmem.data.WlanSigGood
                0x00000958        0x6 main.o
                0x00000958                WlanSigGood
 .progmem.data.WlanSigWeak
                0x0000095e        0x6 main.o
                0x0000095e                WlanSigWeak
 .progmem.data.WlanSigVeryWeak
                0x00000964        0x6 main.o
                0x00000964                WlanSigVeryWeak
 .progmem.data.WlanOpen
                0x0000096a        0x6 main.o
                0x0000096a                WlanOpen
 .progmem.data.WlanEncrypted
                0x00000970        0x6 main.o
                0x00000970                WlanEncrypted
 .progmem.data.__c.2433
                0x00000976        0x7 wlan.o
 .progmem.data.__c.2431
                0x0000097d       0x10 wlan.o
 .progmem.data.__c.2428
                0x0000098d        0x6 wlan.o
 .progmem.data.__c.2425
                0x00000993        0x4 wlan.o
 .progmem.data.__c.2417
                0x00000997        0x6 wlan.o
 .progmem.data.__c.2414
                0x0000099d        0x5 wlan.o
 .progmem.data.__c.2412
                0x000009a2        0xe wlan.o
 .progmem.data.__c.2410
                0x000009b0       0x10 wlan.o
 .progmem.data.__c.2408
                0x000009c0        0x3 wlan.o
 .progmem.data.__c.2404
                0x000009c3        0xe wlan.o
 .progmem.data.__c.2398
                0x000009d1        0x6 wlan.o
 .progmem.data.__c.2395
                0x000009d7        0x5 wlan.o
 .progmem.data.__c.2393
                0x000009dc        0xe wlan.o
 .progmem.data.__c.2391
                0x000009ea       0x10 wlan.o
 .progmem.data.__c.2389
                0x000009fa        0x3 wlan.o
 .progmem.data.__c.2385
                0x000009fd        0xb wlan.o
 .progmem.data.__c.2379
                0x00000a08        0x6 wlan.o
 .progmem.data.__c.2376
                0x00000a0e        0x5 wlan.o
 .progmem.data.__c.2374
                0x00000a13        0x8 wlan.o
 .progmem.data.__c.2370
                0x00000a1b        0x3 wlan.o
 .progmem.data.__c.2368
                0x00000a1e        0x3 wlan.o
 .progmem.data.__c.2366
                0x00000a21        0xc wlan.o
 .progmem.data.__c.2339
                0x00000a2d        0x6 wlan.o
 .progmem.data.__c.2336
                0x00000a33        0x5 wlan.o
 .progmem.data.__c.2334
                0x00000a38        0x3 wlan.o
 .progmem.data.__c.2330
                0x00000a3b        0x3 wlan.o
 .progmem.data.__c.2328
                0x00000a3e        0x3 wlan.o
 .progmem.data.__c.2326
                0x00000a41       0x14 wlan.o
 .progmem.data.__c.2318
                0x00000a55        0x6 wlan.o
 .progmem.data.__c.2315
                0x00000a5b        0x5 wlan.o
 .progmem.data.__c.2313
                0x00000a60        0x3 wlan.o
 .progmem.data.__c.2309
                0x00000a63        0x4 wlan.o
 .progmem.data.__c.2307
                0x00000a67        0x4 wlan.o
 .progmem.data.__c.2305
                0x00000a6b        0xb wlan.o
 .progmem.data.__c.2294
                0x00000a76        0x5 wlan.o
 .progmem.data.__c.2285
                0x00000a7b        0x5 wlan.o
 .progmem.data.__c.2282
                0x00000a80        0x8 wlan.o
 .progmem.data.__c.2280
                0x00000a88        0x6 wlan.o
 .progmem.data.__c.2277
                0x00000a8e        0x3 wlan.o
 .progmem.data.__c.2273
                0x00000a91        0xb wlan.o
 .progmem.data.__c.2264
                0x00000a9c        0x3 wlan.o
 .progmem.data.__c.2262
                0x00000a9f        0x7 wlan.o
                0x00000aa6                . = ALIGN (0x2)
 *(.jumptables)
 *(.jumptables*)
 *(.lowtext)
 *(.lowtext*)
                0x00000aa6                __ctors_start = .
 *(.ctors)
                0x00000aa6                __ctors_end = .
                0x00000aa6                __dtors_start = .
 *(.dtors)
                0x00000aa6                __dtors_end = .
 SORT(*)(.ctors)
 SORT(*)(.dtors)
 *(.init0)
 .init0         0x00000aa6        0x0 D:/Program Files (x86)/Atmel/Studio/7.0/Packs/atmel/ATmega_DFP/1.3.300/gcc/dev/atmega328p/avr5/crtatmega328p.o
                0x00000aa6                __init
 *(.init0)
 *(.init1)
 *(.init1)
 *(.init2)
 .init2         0x00000aa6        0xc D:/Program Files (x86)/Atmel/Studio/7.0/Packs/atmel/ATmega_DFP/1.3.300/gcc/dev/atmega328p/avr5/crtatmega328p.o
 *(.init2)
 *(.init3)
 *(.init3)
 *(.init4)
 .init4         0x00000ab2       0x16 d:/program files (x86)/atmel/studio/7.0/toolchain/avr8/avr8-gnu-toolchain/bin/../lib/gcc/avr/5.4.0/avr5\libgcc.a(_copy_data.o)
                0x00000ab2                __do_copy_data
 .init4         0x00000ac8       0x10 d:/program files (x86)/atmel/studio/7.0/toolchain/avr8/avr8-gnu-toolchain/bin/../lib/gcc/avr/5.4.0/avr5\libgcc.a(_clear_bss.o)
                0x00000ac8                __do_clear_bss
 *(.init4)
 *(.init5)
 *(.init5)
 *(.init6)
 *(.init6)
 *(.init7)
 *(.init7)
 *(.init8)
 *(.init8)
 *(.init9)
 .init9         0x00000ad8        0x8 D:/Program Files (x86)/Atmel/Studio/7.0/Packs/atmel/ATmega_DFP/1.3.300/gcc/dev/atmega328p/avr5/crtatmega328p.o
 *(.init9)
 *(.text)
 .text          0x00000ae0        0x4 D:/Program Files (x86)/Atmel/Studio/7.0/Packs/atmel/ATmega_DFP/1.3.300/gcc/dev/atmega328p/avr5/crtatmega328p.o
                0x00000ae0                __vector_22
                0x00000ae0                __vector_1
                0x00000ae0                __vector_24
                0x00000ae0                __vector_12
                0x00000ae0                __bad_interrupt
                0x00000ae0                __vector_6
                0x00000ae0                __vector_3
                0x00000ae0                __vector_23
                0x00000ae0                __vector_25
                0x00000ae0                __vector_11
                0x00000ae0                __vector_13
                0x00000ae0                __vector_17
                0x00000ae0                __vector_19
                0x00000ae0                __vector_7
                0x00000ae0                __vector_5
                0x00000ae0                __vector_4
                0x00000ae0                __vector_9
                0x00000ae0                __vector_2
                0x00000ae0                __vector_21
                0x00000ae0                __vector_15
                0x00000ae0                __vector_8
                0x00000ae0                __vector_14
                0x00000ae0                __vector_10
                0x00000ae0                __vector_20
                0x00000ae4                . = ALIGN (0x2)
 *(.text.*)
 .text.ADC_Init
                0x00000ae4        0xc adc.o
                0x00000ae4                ADC_Init
 .text.ADC_Read
                0x00000af0       0x20 adc.o
                0x00000af0                ADC_Read
 .text.ADC_Oversample
                0x00000b10       0x66 adc.o
                0x00000b10                ADC_Oversample
 .text.ADC_LinearV2U
                0x00000b76       0xb0 adc.o
                0x00000b76                ADC_LinearV2U
 .text.__vector_16
                0x00000c26      0x2aa buttons.o
                0x00000c26                __vector_16
 .text.SetupButtons
                0x00000ed0       0xe0 buttons.o
                0x00000ed0                SetupButtons
 .text.Button_OK_Pressed
                0x00000fb0       0x22 buttons.o
                0x00000fb0                Button_OK_Pressed
 .text.Button_Return_Pressed
                0x00000fd2       0x22 buttons.o
                0x00000fd2                Button_Return_Pressed
 .text.Button_Right_Pressed
                0x00000ff4       0x22 buttons.o
                0x00000ff4                Button_Right_Pressed
 .text.Button_Down_Pressed
                0x00001016       0x22 buttons.o
                0x00001016                Button_Down_Pressed
 .text.Button_Up_Pressed
                0x00001038       0x22 buttons.o
                0x00001038                Button_Up_Pressed
 .text.Button_Left_Pressed
                0x0000105a       0x22 buttons.o
                0x0000105a                Button_Left_Pressed
 .text.Interface_Keyboard_P
                0x0000107c      0x20c interface.o
                0x0000107c                Interface_Keyboard_P
 .text.Interface_Menu_P
                0x00001288      0x164 interface.o
                0x00001288                Interface_Menu_P
 .text.Interface_Scrollbar_P
                0x000013ec      0x14c interface.o
                0x000013ec                Interface_Scrollbar_P
 .text.Interface_Switch_P
                0x00001538      0x12a interface.o
                0x00001538                Interface_Switch_P
 .text.LCD_WriteByte
                0x00001662       0x2a lcd.o
 .text.LCD_Clear
                0x0000168c       0x28 lcd.o
                0x0000168c                LCD_Clear
 .text.LCD_SendCommand
                0x000016b4        0xc lcd.o
                0x000016b4                LCD_SendCommand
 .text.LCD_Init
                0x000016c0       0x42 lcd.o
                0x000016c0                LCD_Init
 .text.LCD_DrawText
                0x00001702       0x6c lcd.o
                0x00001702                LCD_DrawText
 .text.LCD_DrawText_P
                0x0000176e       0xb6 lcd.o
                0x0000176e                LCD_DrawText_P
 .text.LCD_SetPixel
                0x00001824       0xce lcd.o
                0x00001824                LCD_SetPixel
 .text.LCD_SetDramByte
                0x000018f2       0x1a lcd.o
                0x000018f2                LCD_SetDramByte
 .text.LCD_DrawSprite_P
                0x0000190c      0x200 lcd.o
                0x0000190c                LCD_DrawSprite_P
 .text.LCD_InvertCell
                0x00001b0c       0x2e lcd.o
                0x00001b0c                LCD_InvertCell
 .text.LCD_Render
                0x00001b3a       0x4c lcd.o
                0x00001b3a                LCD_Render
 .text.LCD_SetBrightness
                0x00001b86       0x28 lcd.o
                0x00001b86                LCD_SetBrightness
 .text.LCD_SetupBacklight
                0x00001bae       0x22 lcd.o
                0x00001bae                LCD_SetupBacklight
 .text.LCD_SetBacklightBrightness
                0x00001bd0       0x10 lcd.o
                0x00001bd0                LCD_SetBacklightBrightness
 .text.Screen_ManualSSID
                0x00001be0       0x58 main.o
                0x00001be0                Screen_ManualSSID
 .text.Screen_Password
                0x00001c38       0x5c main.o
                0x00001c38                Screen_Password
 .text.Screen_IOName
                0x00001c94       0x70 main.o
                0x00001c94                Screen_IOName
 .text.Screen_IOExpression
                0x00001d04       0x74 main.o
                0x00001d04                Screen_IOExpression
 .text.Screen_SystemName
                0x00001d78       0x58 main.o
                0x00001d78                Screen_SystemName
 .text.Screen_Broker
                0x00001dd0       0x82 main.o
                0x00001dd0                Screen_Broker
 .text.Screen_Connection
                0x00001e52       0x5a main.o
                0x00001e52                Screen_Connection
 .text.Screen_IOSwitch
                0x00001eac       0x8a main.o
                0x00001eac                Screen_IOSwitch
 .text.Screen_Sensor0
                0x00001f36        0xc main.o
                0x00001f36                Screen_Sensor0
 .text.Screen_Sensor1
                0x00001f42        0xe main.o
                0x00001f42                Screen_Sensor1
 .text.Screen_Trigger0
                0x00001f50        0xe main.o
                0x00001f50                Screen_Trigger0
 .text.Screen_Trigger1
                0x00001f5e        0xe main.o
                0x00001f5e                Screen_Trigger1
 .text.Network_Menu
                0x00001f6c        0x8 main.o
                0x00001f6c                Network_Menu
 .text.Sensors_Menu
                0x00001f74        0x8 main.o
                0x00001f74                Sensors_Menu
 .text.BrightnessScrollbar
                0x00001f7c       0x4e main.o
                0x00001f7c                BrightnessScrollbar
 .text.BacklightScrollbar
                0x00001fca       0x4e main.o
                0x00001fca                BacklightScrollbar
 .text.recv     0x00002018       0x5c main.o
                0x00002018                recv
 .text.Screen_SelectAP
                0x00002074      0x2a8 main.o
                0x00002074                Screen_SelectAP
 .text.Broker_Connect
                0x0000231c      0x1c8 main.o
                0x0000231c                Broker_Connect
 .text.str_replace
                0x000024e4      0x124 main.o
                0x000024e4                str_replace
 .text.startup.main
                0x00002608      0x59e main.o
                0x00002608                main
 .text.add      0x00002ba6        0x6 tinyexpr.o
 .text.sub      0x00002bac        0x6 tinyexpr.o
 .text.mul      0x00002bb2        0x6 tinyexpr.o
 .text.divide   0x00002bb8        0x6 tinyexpr.o
 .text.gt       0x00002bbe       0x1a tinyexpr.o
 .text.lt       0x00002bd8       0x1a tinyexpr.o
 .text.eq       0x00002bf2       0x1a tinyexpr.o
 .text.and      0x00002c0c       0x5a tinyexpr.o
 .text.or       0x00002c66       0x5a tinyexpr.o
 .text.negate   0x00002cc0        0x4 tinyexpr.o
 .text.comma    0x00002cc4        0x6 tinyexpr.o
 .text.new_expr
                0x00002cca       0x9c tinyexpr.o
 .text.te_free  0x00002d66       0x1e tinyexpr.o
                0x00002d66                te_free
 .text.te_free_parameters
                0x00002d84       0x66 tinyexpr.o
                0x00002d84                te_free_parameters
 .text.next_token
                0x00002dea      0x276 tinyexpr.o
                0x00002dea                next_token
 .text.list     0x00003060       0x7a tinyexpr.o
 .text.base     0x000030da      0x1e8 tinyexpr.o
 .text.power    0x000032c2       0x8a tinyexpr.o
 .text.factor   0x0000334c       0x80 tinyexpr.o
 .text.term     0x000033cc       0x94 tinyexpr.o
 .text.expr3    0x00003460       0x8a tinyexpr.o
 .text.expr2    0x000034ea       0x8a tinyexpr.o
 .text.expr     0x00003574       0x8a tinyexpr.o
 .text.te_eval  0x000035fe      0x796 tinyexpr.o
                0x000035fe                te_eval
 .text.optimize
                0x00003d94       0xba tinyexpr.o
 .text.te_compile
                0x00003e4e       0xa0 tinyexpr.o
                0x00003e4e                te_compile
 .text.te_interp
                0x00003eee       0x4e tinyexpr.o
                0x00003eee                te_interp
 .text.__vector_18
                0x00003f3c       0x52 uart.o
                0x00003f3c                __vector_18
 .text.UART_Init
                0x00003f8e       0x92 uart.o
                0x00003f8e                UART_Init
 .text.UART_Pending
                0x00004020       0x12 uart.o
                0x00004020                UART_Pending
 .text.UART_Getc
                0x00004032       0x3e uart.o
                0x00004032                UART_Getc
 .text.UART_Putc
                0x00004070        0xe uart.o
                0x00004070                UART_Putc
 .text.UART_Puts_P
                0x0000407e       0x1c uart.o
                0x0000407e                UART_Puts_P
 .text.UART_Puts
                0x0000409a       0x18 uart.o
                0x0000409a                UART_Puts
 .text.UART_ReadUntil_P
                0x000040b2       0xba uart.o
                0x000040b2                UART_ReadUntil_P
 .text.UART_ReadLn
                0x0000416c       0x8c uart.o
                0x0000416c                UART_ReadLn
 .text.UART_ReadBytes
                0x000041f8       0x54 uart.o
                0x000041f8                UART_ReadBytes
 .text.WLAN_GetState
                0x0000424c        0x6 wlan.o
                0x0000424c                WLAN_GetState
 .text.WLAN_Init
                0x00004252       0xba wlan.o
                0x00004252                WLAN_Init
 .text.WLAN_ListAccessPoints
                0x0000430c      0x112 wlan.o
                0x0000430c                WLAN_ListAccessPoints
 .text.WLAN_JoinAccessPoint
                0x0000441e       0xb8 wlan.o
                0x0000441e                WLAN_JoinAccessPoint
 .text.WLAN_TcpConnect
                0x000044d6       0xc8 wlan.o
                0x000044d6                WLAN_TcpConnect
 .text.WLAN_TcpSend
                0x0000459e       0xce wlan.o
                0x0000459e                WLAN_TcpSend
 .text.WLAN_Disconnect
                0x0000466c       0xa8 wlan.o
                0x0000466c                WLAN_Disconnect
 .text.WLAN_TcpDisconnect
                0x00004714       0xa8 wlan.o
                0x00004714                WLAN_TcpDisconnect
 .text.WLAN_Listen
                0x000047bc       0xc8 wlan.o
                0x000047bc                WLAN_Listen
 .text.avr-libc.fplib
                0x00004884        0xe d:/program files (x86)/atmel/studio/7.0/toolchain/avr8/avr8-gnu-toolchain/bin/../lib/gcc/avr/5.4.0/../../../../avr/lib/avr5\libm.a(addsf3.o)
                0x00004884                __subsf3
                0x00004886                __addsf3
 .text.avr-libc.fplib
                0x00004892       0xcc d:/program files (x86)/atmel/studio/7.0/toolchain/avr8/avr8-gnu-toolchain/bin/../lib/gcc/avr/5.4.0/../../../../avr/lib/avr5\libm.a(addsf3x.o)
                0x000048b4                __addsf3x
 .text.avr-libc.fplib
                0x0000495e        0xa d:/program files (x86)/atmel/studio/7.0/toolchain/avr8/avr8-gnu-toolchain/bin/../lib/gcc/avr/5.4.0/../../../../avr/lib/avr5\libm.a(cmpsf2.o)
                0x0000495e                __nesf2
                0x0000495e                __eqsf2
                0x0000495e                __cmpsf2
                0x0000495e                __ltsf2
                0x0000495e                __lesf2
 .text.avr-libc.fplib
                0x00004968        0x8 d:/program files (x86)/atmel/studio/7.0/toolchain/avr8/avr8-gnu-toolchain/bin/../lib/gcc/avr/5.4.0/../../../../avr/lib/avr5\libm.a(divsf3.o)
                0x00004968                __divsf3
 .text.avr-libc.fplib
                0x00004970       0xdc d:/program files (x86)/atmel/studio/7.0/toolchain/avr8/avr8-gnu-toolchain/bin/../lib/gcc/avr/5.4.0/../../../../avr/lib/avr5\libm.a(divsf3x.o)
                0x00004990                __divsf3x
                0x00004996                __divsf3_pse
 .text.avr-libc.fplib
                0x00004a4c       0x7a d:/program files (x86)/atmel/studio/7.0/toolchain/avr8/avr8-gnu-toolchain/bin/../lib/gcc/avr/5.4.0/../../../../avr/lib/avr5\libm.a(floatsisf.o)
                0x00004a4c                __floatunsisf
                0x00004a50                __floatsisf
 .text.avr-libc.fplib
                0x00004ac6       0xa8 d:/program files (x86)/atmel/studio/7.0/toolchain/avr8/avr8-gnu-toolchain/bin/../lib/gcc/avr/5.4.0/../../../../avr/lib/avr5\libm.a(fmod.o)
                0x00004adc                fmod
 .text.avr-libc.fplib
                0x00004b6e       0x48 d:/program files (x86)/atmel/studio/7.0/toolchain/avr8/avr8-gnu-toolchain/bin/../lib/gcc/avr/5.4.0/../../../../avr/lib/avr5\libm.a(fp_cmp.o)
                0x00004b6e                __fp_cmp
 .text.avr-libc.fplib
                0x00004bb6        0xc d:/program files (x86)/atmel/studio/7.0/toolchain/avr8/avr8-gnu-toolchain/bin/../lib/gcc/avr/5.4.0/../../../../avr/lib/avr5\libm.a(fp_inf.o)
                0x00004bb6                __fp_inf
 .text.avr-libc.fplib
                0x00004bc2       0x1c d:/program files (x86)/atmel/studio/7.0/toolchain/avr8/avr8-gnu-toolchain/bin/../lib/gcc/avr/5.4.0/../../../../avr/lib/avr5\libm.a(fp_mpack.o)
                0x00004bc2                __fp_mpack
                0x00004bc6                __fp_mpack_finite
 .text.avr-libc.fplib
                0x00004bde        0x6 d:/program files (x86)/atmel/studio/7.0/toolchain/avr8/avr8-gnu-toolchain/bin/../lib/gcc/avr/5.4.0/../../../../avr/lib/avr5\libm.a(fp_nan.o)
                0x00004bde                __fp_nan
 .text.avr-libc.fplib
                0x00004be4        0xe d:/program files (x86)/atmel/studio/7.0/toolchain/avr8/avr8-gnu-toolchain/bin/../lib/gcc/avr/5.4.0/../../../../avr/lib/avr5\libm.a(fp_pscA.o)
                0x00004be4                __fp_pscA
 .text.avr-libc.fplib
                0x00004bf2        0xe d:/program files (x86)/atmel/studio/7.0/toolchain/avr8/avr8-gnu-toolchain/bin/../lib/gcc/avr/5.4.0/../../../../avr/lib/avr5\libm.a(fp_pscB.o)
                0x00004bf2                __fp_pscB
 .text.avr-libc.fplib
                0x00004c00       0x22 d:/program files (x86)/atmel/studio/7.0/toolchain/avr8/avr8-gnu-toolchain/bin/../lib/gcc/avr/5.4.0/../../../../avr/lib/avr5\libm.a(fp_round.o)
                0x00004c00                __fp_round
 .text.avr-libc.fplib
                0x00004c22       0x44 d:/program files (x86)/atmel/studio/7.0/toolchain/avr8/avr8-gnu-toolchain/bin/../lib/gcc/avr/5.4.0/../../../../avr/lib/avr5\libm.a(fp_split3.o)
                0x00004c22                __fp_split3
                0x00004c32                __fp_splitA
 .text.avr-libc.fplib
                0x00004c66        0xe d:/program files (x86)/atmel/studio/7.0/toolchain/avr8/avr8-gnu-toolchain/bin/../lib/gcc/avr/5.4.0/../../../../avr/lib/avr5\libm.a(fp_zero.o)
                0x00004c66                __fp_zero
                0x00004c68                __fp_szero
 .text.avr-libc.fplib
                0x00004c74        0xa d:/program files (x86)/atmel/studio/7.0/toolchain/avr8/avr8-gnu-toolchain/bin/../lib/gcc/avr/5.4.0/../../../../avr/lib/avr5\libm.a(gesf2.o)
                0x00004c74                __gesf2
                0x00004c74                __gtsf2
 .text.avr-libc.fplib
                0x00004c7e        0x8 d:/program files (x86)/atmel/studio/7.0/toolchain/avr8/avr8-gnu-toolchain/bin/../lib/gcc/avr/5.4.0/../../../../avr/lib/avr5\libm.a(mulsf3.o)
                0x00004c7e                __mulsf3
 .text.avr-libc.fplib
                0x00004c86       0xd2 d:/program files (x86)/atmel/studio/7.0/toolchain/avr8/avr8-gnu-toolchain/bin/../lib/gcc/avr/5.4.0/../../../../avr/lib/avr5\libm.a(mulsf3x.o)
                0x00004ca4                __mulsf3x
                0x00004caa                __mulsf3_pse
 .text.avr-libc.fplib
                0x00004d58       0xa0 d:/program files (x86)/atmel/studio/7.0/toolchain/avr8/avr8-gnu-toolchain/bin/../lib/gcc/avr/5.4.0/../../../../avr/lib/avr5\libm.a(pow.o)
                0x00004d58                pow
 .text.avr-libc.fplib
                0x00004df8       0x74 d:/program files (x86)/atmel/studio/7.0/toolchain/avr8/avr8-gnu-toolchain/bin/../lib/gcc/avr/5.4.0/../../../../avr/lib/avr5\libm.a(exp.o)
                0x00004e08                exp
 .text.avr-libc.fplib
                0x00004e6c       0x4e d:/program files (x86)/atmel/studio/7.0/toolchain/avr8/avr8-gnu-toolchain/bin/../lib/gcc/avr/5.4.0/../../../../avr/lib/avr5\libm.a(fp_powser.o)
                0x00004e6c                __fp_powser
 .text.avr-libc.fplib
                0x00004eba       0x10 d:/program files (x86)/atmel/studio/7.0/toolchain/avr8/avr8-gnu-toolchain/bin/../lib/gcc/avr/5.4.0/../../../../avr/lib/avr5\libm.a(inverse.o)
                0x00004eba                inverse
 .text.avr-libc.fplib
                0x00004eca       0x74 d:/program files (x86)/atmel/studio/7.0/toolchain/avr8/avr8-gnu-toolchain/bin/../lib/gcc/avr/5.4.0/../../../../avr/lib/avr5\libm.a(ldexp.o)
                0x00004ed2                ldexp
 .text.avr-libc.fplib
                0x00004f3e       0xa0 d:/program files (x86)/atmel/studio/7.0/toolchain/avr8/avr8-gnu-toolchain/bin/../lib/gcc/avr/5.4.0/../../../../avr/lib/avr5\libm.a(log.o)
                0x00004f4e                log
 .text.avr-libc.fplib
                0x00004fde       0x68 d:/program files (x86)/atmel/studio/7.0/toolchain/avr8/avr8-gnu-toolchain/bin/../lib/gcc/avr/5.4.0/../../../../avr/lib/avr5\libm.a(modf.o)
                0x00004fde                modf
                0x00004fde                modff
 .text.libgcc.div
                0x00005046       0x28 d:/program files (x86)/atmel/studio/7.0/toolchain/avr8/avr8-gnu-toolchain/bin/../lib/gcc/avr/5.4.0/avr5\libgcc.a(_divmodhi4.o)
                0x00005046                _div
                0x00005046                __divmodhi4
 .text.libgcc.div
                0x0000506e       0x44 d:/program files (x86)/atmel/studio/7.0/toolchain/avr8/avr8-gnu-toolchain/bin/../lib/gcc/avr/5.4.0/avr5\libgcc.a(_udivmodsi4.o)
                0x0000506e                __udivmodsi4
 .text.libgcc   0x000050b2        0xc d:/program files (x86)/atmel/studio/7.0/toolchain/avr8/avr8-gnu-toolchain/bin/../lib/gcc/avr/5.4.0/avr5\libgcc.a(_tablejump2.o)
                0x000050b2                __tablejump2__
 .text.libgcc.div
                0x000050be       0x28 d:/program files (x86)/atmel/studio/7.0/toolchain/avr8/avr8-gnu-toolchain/bin/../lib/gcc/avr/5.4.0/avr5\libgcc.a(_udivmodhi4.o)
                0x000050be                __udivmodhi4
 .text.avr-libc
                0x000050e6       0x40 d:/program files (x86)/atmel/studio/7.0/toolchain/avr8/avr8-gnu-toolchain/bin/../lib/gcc/avr/5.4.0/../../../../avr/lib/avr5\libc.a(dtostrf.o)
                0x000050e6                dtostrf
 .text.avr-libc
                0x00005126      0x242 d:/program files (x86)/atmel/studio/7.0/toolchain/avr8/avr8-gnu-toolchain/bin/../lib/gcc/avr/5.4.0/../../../../avr/lib/avr5\libc.a(malloc.o)
                0x00005126                malloc
                0x00005256                free
 .text.avr-libc
                0x00005368      0x29c d:/program files (x86)/atmel/studio/7.0/toolchain/avr8/avr8-gnu-toolchain/bin/../lib/gcc/avr/5.4.0/../../../../avr/lib/avr5\libc.a(strtod.o)
                0x00005368                strtod
 .text.avr-libc
                0x00005604       0x3c d:/program files (x86)/atmel/studio/7.0/toolchain/avr8/avr8-gnu-toolchain/bin/../lib/gcc/avr/5.4.0/../../../../avr/lib/avr5\libc.a(atoi.o)
                0x00005604                atoi
 .text.avr-libc
                0x00005640       0x12 d:/program files (x86)/atmel/studio/7.0/toolchain/avr8/avr8-gnu-toolchain/bin/../lib/gcc/avr/5.4.0/../../../../avr/lib/avr5\libc.a(isspace.o)
                0x00005640                isspace
 .text.avr-libc
                0x00005652        0xa d:/program files (x86)/atmel/studio/7.0/toolchain/avr8/avr8-gnu-toolchain/bin/../lib/gcc/avr/5.4.0/../../../../avr/lib/avr5\libc.a(strtok_P.o)
                0x00005652                strtok_P
 .text.avr-libc
                0x0000565c       0x12 d:/program files (x86)/atmel/studio/7.0/toolchain/avr8/avr8-gnu-toolchain/bin/../lib/gcc/avr/5.4.0/../../../../avr/lib/avr5\libc.a(strcmp_P.o)
                0x0000565c                strcmp_P
 .text.avr-libc
                0x0000566e        0xe d:/program files (x86)/atmel/studio/7.0/toolchain/avr8/avr8-gnu-toolchain/bin/../lib/gcc/avr/5.4.0/../../../../avr/lib/avr5\libc.a(strcpy_P.o)
                0x0000566e                strcpy_P
 .text.avr-libc
                0x0000567c       0x12 d:/program files (x86)/atmel/studio/7.0/toolchain/avr8/avr8-gnu-toolchain/bin/../lib/gcc/avr/5.4.0/../../../../avr/lib/avr5\libc.a(strlen_P.o)
                0x0000567c                __strlen_P
 .text.avr-libc
                0x0000568e       0x30 d:/program files (x86)/atmel/studio/7.0/toolchain/avr8/avr8-gnu-toolchain/bin/../lib/gcc/avr/5.4.0/../../../../avr/lib/avr5\libc.a(strncasecmp_P.o)
                0x0000568e                strncasecmp_P
 .text.avr-libc
                0x000056be       0x1c d:/program files (x86)/atmel/studio/7.0/toolchain/avr8/avr8-gnu-toolchain/bin/../lib/gcc/avr/5.4.0/../../../../avr/lib/avr5\libc.a(strncmp_P.o)
                0x000056be                strncmp_P
 .text.avr-libc
                0x000056da       0x4e d:/program files (x86)/atmel/studio/7.0/toolchain/avr8/avr8-gnu-toolchain/bin/../lib/gcc/avr/5.4.0/../../../../avr/lib/avr5\libc.a(strtok_rP.o)
                0x000056da                strtok_rP
 .text.avr-libc
                0x00005728        0xa d:/program files (x86)/atmel/studio/7.0/toolchain/avr8/avr8-gnu-toolchain/bin/../lib/gcc/avr/5.4.0/../../../../avr/lib/avr5\libc.a(strtok.o)
                0x00005728                strtok
 .text.avr-libc
                0x00005732       0x12 d:/program files (x86)/atmel/studio/7.0/toolchain/avr8/avr8-gnu-toolchain/bin/../lib/gcc/avr/5.4.0/../../../../avr/lib/avr5\libc.a(memcpy.o)
                0x00005732                memcpy
 .text.avr-libc
                0x00005744        0xe d:/program files (x86)/atmel/studio/7.0/toolchain/avr8/avr8-gnu-toolchain/bin/../lib/gcc/avr/5.4.0/../../../../avr/lib/avr5\libc.a(memset.o)
                0x00005744                memset
 .text.avr-libc
                0x00005752        0xe d:/program files (x86)/atmel/studio/7.0/toolchain/avr8/avr8-gnu-toolchain/bin/../lib/gcc/avr/5.4.0/../../../../avr/lib/avr5\libc.a(strcpy.o)
                0x00005752                strcpy
 .text.avr-libc
                0x00005760       0x1c d:/program files (x86)/atmel/studio/7.0/toolchain/avr8/avr8-gnu-toolchain/bin/../lib/gcc/avr/5.4.0/../../../../avr/lib/avr5\libc.a(strncmp.o)
                0x00005760                strncmp
 .text.avr-libc
                0x0000577c       0x34 d:/program files (x86)/atmel/studio/7.0/toolchain/avr8/avr8-gnu-toolchain/bin/../lib/gcc/avr/5.4.0/../../../../avr/lib/avr5\libc.a(strstr.o)
                0x0000577c                strstr
 .text.avr-libc
                0x000057b0       0x4e d:/program files (x86)/atmel/studio/7.0/toolchain/avr8/avr8-gnu-toolchain/bin/../lib/gcc/avr/5.4.0/../../../../avr/lib/avr5\libc.a(strtok_r.o)
                0x000057b0                strtok_r
 .text.avr-libc
                0x000057fe       0x16 d:/program files (x86)/atmel/studio/7.0/toolchain/avr8/avr8-gnu-toolchain/bin/../lib/gcc/avr/5.4.0/../../../../avr/lib/avr5\libc.a(itoa_ncheck.o)
                0x000057fe                __itoa_ncheck
 .text.avr-libc
                0x00005814       0x10 d:/program files (x86)/atmel/studio/7.0/toolchain/avr8/avr8-gnu-toolchain/bin/../lib/gcc/avr/5.4.0/../../../../avr/lib/avr5\libc.a(mul10.o)
                0x00005814                __mulhi_const_10
 .text.avr-libc
                0x00005824       0x34 d:/program files (x86)/atmel/studio/7.0/toolchain/avr8/avr8-gnu-toolchain/bin/../lib/gcc/avr/5.4.0/../../../../avr/lib/avr5\libc.a(utoa_ncheck.o)
                0x00005824                __utoa_ncheck
                0x00005826                __utoa_common
 .text.avr-libc
                0x00005858       0x44 d:/program files (x86)/atmel/studio/7.0/toolchain/avr8/avr8-gnu-toolchain/bin/../lib/gcc/avr/5.4.0/../../../../avr/lib/avr5\libc.a(sprintf_p.o)
                0x00005858                sprintf_P
 .text.avr-libc
                0x0000589c      0x3c2 d:/program files (x86)/atmel/studio/7.0/toolchain/avr8/avr8-gnu-toolchain/bin/../lib/gcc/avr/5.4.0/../../../../avr/lib/avr5\libc.a(vfprintf_std.o)
                0x0000589c                vfprintf
 .text.avr-libc
                0x00005c5e      0x2b4 d:/program files (x86)/atmel/studio/7.0/toolchain/avr8/avr8-gnu-toolchain/bin/../lib/gcc/avr/5.4.0/../../../../avr/lib/avr5\libc.a(dtoa_prf.o)
                0x00005c5e                dtoa_prf
 .text.avr-libc
                0x00005f12      0x1b0 d:/program files (x86)/atmel/studio/7.0/toolchain/avr8/avr8-gnu-toolchain/bin/../lib/gcc/avr/5.4.0/../../../../avr/lib/avr5\libc.a(ftoa_engine.o)
                0x00005f12                __ftoa_engine
 .text.avr-libc
                0x000060c2        0x6 d:/program files (x86)/atmel/studio/7.0/toolchain/avr8/avr8-gnu-toolchain/bin/../lib/gcc/avr/5.4.0/../../../../avr/lib/avr5\libc.a(cty_isfalse.o)
                0x000060c2                __ctype_isfalse
                0x000060c6                __ctype_istrue
 .text.avr-libc
                0x000060c8       0x16 d:/program files (x86)/atmel/studio/7.0/toolchain/avr8/avr8-gnu-toolchain/bin/../lib/gcc/avr/5.4.0/../../../../avr/lib/avr5\libc.a(strnlen_P.o)
                0x000060c8                strnlen_P
 .text.avr-libc
                0x000060de       0x16 d:/program files (x86)/atmel/studio/7.0/toolchain/avr8/avr8-gnu-toolchain/bin/../lib/gcc/avr/5.4.0/../../../../avr/lib/avr5\libc.a(strnlen.o)
                0x000060de                strnlen
 .text.avr-libc
                0x000060f4       0x20 d:/program files (x86)/atmel/studio/7.0/toolchain/avr8/avr8-gnu-toolchain/bin/../lib/gcc/avr/5.4.0/../../../../avr/lib/avr5\libc.a(strrev.o)
                0x000060f4                strrev
 .text.avr-libc
                0x00006114       0x78 d:/program files (x86)/atmel/studio/7.0/toolchain/avr8/avr8-gnu-toolchain/bin/../lib/gcc/avr/5.4.0/../../../../avr/lib/avr5\libc.a(fputc.o)
                0x00006114                fputc
 .text.avr-libc
                0x0000618c       0xbc d:/program files (x86)/atmel/studio/7.0/toolchain/avr8/avr8-gnu-toolchain/bin/../lib/gcc/avr/5.4.0/../../../../avr/lib/avr5\libc.a(ultoa_invert.o)
                0x0000618c                __ultoa_invert
 .text.avr-libc
                0x00006248       0x20 D:/Program Files (x86)/Atmel/Studio/7.0/Packs/atmel/ATmega_DFP/1.3.300/gcc/dev/atmega328p/avr5\libatmega328p.a(eerd_block.o)
                0x00006248                eeprom_read_block
                0x0000624c                eeprom_read_blraw
 .text.avr-libc
                0x00006268       0x10 D:/Program Files (x86)/Atmel/Studio/7.0/Packs/atmel/ATmega_DFP/1.3.300/gcc/dev/atmega328p/avr5\libatmega328p.a(eerd_byte.o)
                0x00006268                eeprom_read_byte
 .text.avr-libc
                0x00006278        0xc D:/Program Files (x86)/Atmel/Studio/7.0/Packs/atmel/ATmega_DFP/1.3.300/gcc/dev/atmega328p/avr5\libatmega328p.a(eerd_word.o)
                0x00006278                eeprom_read_word
 .text.avr-libc
                0x00006284       0x20 D:/Program Files (x86)/Atmel/Studio/7.0/Packs/atmel/ATmega_DFP/1.3.300/gcc/dev/atmega328p/avr5\libatmega328p.a(eeupd_block.o)
                0x00006284                eeprom_update_block
 .text.avr-libc
                0x000062a4       0x24 D:/Program Files (x86)/Atmel/Studio/7.0/Packs/atmel/ATmega_DFP/1.3.300/gcc/dev/atmega328p/avr5\libatmega328p.a(eeupd_byte.o)
                0x000062a4                eeprom_update_byte
                0x000062a6                eeprom_update_r18
 .text.avr-libc
                0x000062c8        0xc D:/Program Files (x86)/Atmel/Studio/7.0/Packs/atmel/ATmega_DFP/1.3.300/gcc/dev/atmega328p/avr5\libatmega328p.a(eeupd_word.o)
                0x000062c8                eeprom_update_word
 .text.libgcc.mul
                0x000062d4       0x16 d:/program files (x86)/atmel/studio/7.0/toolchain/avr8/avr8-gnu-toolchain/bin/../lib/gcc/avr/5.4.0/avr5\libgcc.a(_muluhisi3.o)
                0x000062d4                __muluhisi3
 .text.libgcc.prologue
                0x000062ea       0x38 d:/program files (x86)/atmel/studio/7.0/toolchain/avr8/avr8-gnu-toolchain/bin/../lib/gcc/avr/5.4.0/avr5\libgcc.a(_prologue.o)
                0x000062ea                __prologue_saves__
 .text.libgcc.prologue
                0x00006322       0x36 d:/program files (x86)/atmel/studio/7.0/toolchain/avr8/avr8-gnu-toolchain/bin/../lib/gcc/avr/5.4.0/avr5\libgcc.a(_epilogue.o)
                0x00006322                __epilogue_restores__
 .text.libgcc.mul
                0x00006358       0x1e d:/program files (x86)/atmel/studio/7.0/toolchain/avr8/avr8-gnu-toolchain/bin/../lib/gcc/avr/5.4.0/avr5\libgcc.a(_umulhisi3.o)
                0x00006358                __umulhisi3
                0x00006376                . = ALIGN (0x2)
 *(.fini9)
 .fini9         0x00006376        0x0 d:/program files (x86)/atmel/studio/7.0/toolchain/avr8/avr8-gnu-toolchain/bin/../lib/gcc/avr/5.4.0/avr5\libgcc.a(_exit.o)
                0x00006376                _exit
                0x00006376                exit
 *(.fini9)
 *(.fini8)
 *(.fini8)
 *(.fini7)
 *(.fini7)
 *(.fini6)
 *(.fini6)
 *(.fini5)
 *(.fini5)
 *(.fini4)
 *(.fini4)
 *(.fini3)
 *(.fini3)
 *(.fini2)
 *(.fini2)
 *(.fini1)
 *(.fini1)
 *(.fini0)
 .fini0         0x00006376        0x4 d:/program files (x86)/atmel/studio/7.0/toolchain/avr8/avr8-gnu-toolchain/bin/../lib/gcc/avr/5.4.0/avr5\libgcc.a(_exit.o)
 *(.fini0)
                0x0000637a                _etext = .

.data           0x00800100       0x64 load address 0x0000637a
                0x00800100                PROVIDE (__data_start, .)
 *(.data)
 .data          0x00800100        0x6 d:/program files (x86)/atmel/studio/7.0/toolchain/avr8/avr8-gnu-toolchain/bin/../lib/gcc/avr/5.4.0/../../../../avr/lib/avr5\libc.a(malloc.o)
                0x00800100                __malloc_heap_end
                0x00800102                __malloc_heap_start
                0x00800104                __malloc_margin
 *(.data*)
 *(.gnu.linkonce.d*)
 *(.rodata)
 .rodata        0x00800106       0x40 main.o
 *(.rodata*)
 .rodata.str1.1
                0x00800146        0x2 interface.o
 .rodata.str1.1
                0x00800148       0x1b main.o
                                 0x1d (size before relaxing)
 *(.gnu.linkonce.r*)
                0x00800164                . = ALIGN (0x2)
 *fill*         0x00800163        0x1 
                0x00800164                _edata = .
                0x00800164                PROVIDE (__data_end, .)

.bss            0x00800164      0x318
                0x00800164                PROVIDE (__bss_start, .)
 *(.bss)
 .bss           0x00800164        0x2 d:/program files (x86)/atmel/studio/7.0/toolchain/avr8/avr8-gnu-toolchain/bin/../lib/gcc/avr/5.4.0/../../../../avr/lib/avr5\libc.a(strtok_P.o)
 .bss           0x00800166        0x2 d:/program files (x86)/atmel/studio/7.0/toolchain/avr8/avr8-gnu-toolchain/bin/../lib/gcc/avr/5.4.0/../../../../avr/lib/avr5\libc.a(strtok.o)
 *(.bss*)
 .bss.BrokerFlags
                0x00800168        0x1 main.o
                0x00800168                BrokerFlags
 .bss.OverflowFlag
                0x00800169        0x1 uart.o
                0x00800169                OverflowFlag
 .bss.Tail      0x0080016a        0x1 uart.o
                0x0080016a                Tail
 .bss.Head      0x0080016b        0x1 uart.o
                0x0080016b                Head
 .bss.WLAN_States
                0x0080016c        0x1 wlan.o
                0x0080016c                WLAN_States
 *(COMMON)
 COMMON         0x0080016d        0x6 buttons.o
                0x0080016d                DbRight
                0x0080016e                DbOK
                0x0080016f                DbUp
                0x00800170                DbReturn
                0x00800171                DbLeft
                0x00800172                DbDown
 COMMON         0x00800173      0x1f8 lcd.o
                0x00800173                DisplayBuffer
 COMMON         0x0080036b       0x89 main.o
                0x0080036b                WLAN_AccessPoints
                0x008003f3                SelectedSensorOpt
 COMMON         0x008003f4       0x82 uart.o
                0x008003f4                UART_Buffer
                0x00800474                FrameTime
 COMMON         0x00800476        0x4 d:/program files (x86)/atmel/studio/7.0/toolchain/avr8/avr8-gnu-toolchain/bin/../lib/gcc/avr/5.4.0/../../../../avr/lib/avr5\libc.a(malloc.o)
                0x00800476                __brkval
                0x00800478                __flp
 COMMON         0x0080047a        0x2 d:/program files (x86)/atmel/studio/7.0/toolchain/avr8/avr8-gnu-toolchain/bin/../lib/gcc/avr/5.4.0/../../../../avr/lib/avr5\libc.a(errno.o)
                0x0080047a                errno
                0x0080047c                PROVIDE (__bss_end, .)
                0x0000637a                __data_load_start = LOADADDR (.data)
                0x000063de                __data_load_end = (__data_load_start + SIZEOF (.data))

.noinit         0x0080047c        0x0
                [!provide]                PROVIDE (__noinit_start, .)
 *(.noinit*)
                [!provide]                PROVIDE (__noinit_end, .)
                0x0080047c                _end = .
                0x0080047c                PROVIDE (__heap_start, .)

.eeprom         0x00810000      0x1f5
 *(.eeprom*)
 .eeprom        0x00810000      0x1f5 main.o
                0x00810000                CfgSwitches
                0x00810001                CfgExprs
                0x00810101                CfgSensorNames
                0x00810121                CfgBrokerPort
                0x00810123                CfgSystemName
                0x00810133                CfgBrokerAddr
                0x00810173                CfgPassword
                0x008101b3                CfgSSID
                0x008101f3                CfgBacklight
                0x008101f4                CfgBrightness
                0x008101f5                __eeprom_end = .

.fuse
 *(.fuse)
 *(.lfuse)
 *(.hfuse)
 *(.efuse)

.lock
 *(.lock*)

.signature
 *(.signature*)

.user_signatures
 *(.user_signatures*)

.stab
 *(.stab)

.stabstr
 *(.stabstr)

.stab.excl
 *(.stab.excl)

.stab.exclstr
 *(.stab.exclstr)

.stab.index
 *(.stab.index)

.stab.indexstr
 *(.stab.indexstr)

.comment        0x00000000       0x5c
 *(.comment)
 .comment       0x00000000       0x30 adc.o
                                 0x31 (size before relaxing)
 .comment       0x00000030       0x31 buttons.o
 .comment       0x00000030       0x31 interface.o
 .comment       0x00000030       0x31 lcd.o
 .comment       0x00000030       0x31 main.o
 .comment       0x00000030       0x31 tinyexpr.o
 .comment       0x00000030       0x31 uart.o
 .comment       0x00000030       0x31 wlan.o
 .comment       0x00000030       0x31 d:/program files (x86)/atmel/studio/7.0/toolchain/avr8/avr8-gnu-toolchain/bin/../lib/gcc/avr/5.4.0/../../../../avr/lib/avr5\libc.a(dtostrf.o)
 .comment       0x00000030       0x31 d:/program files (x86)/atmel/studio/7.0/toolchain/avr8/avr8-gnu-toolchain/bin/../lib/gcc/avr/5.4.0/../../../../avr/lib/avr5\libc.a(malloc.o)
 .comment       0x00000030       0x31 d:/program files (x86)/atmel/studio/7.0/toolchain/avr8/avr8-gnu-toolchain/bin/../lib/gcc/avr/5.4.0/../../../../avr/lib/avr5\libc.a(strtod.o)
 .comment       0x00000030       0x31 d:/program files (x86)/atmel/studio/7.0/toolchain/avr8/avr8-gnu-toolchain/bin/../lib/gcc/avr/5.4.0/../../../../avr/lib/avr5\libc.a(strtok_P.o)
 .comment       0x00000030       0x31 d:/program files (x86)/atmel/studio/7.0/toolchain/avr8/avr8-gnu-toolchain/bin/../lib/gcc/avr/5.4.0/../../../../avr/lib/avr5\libc.a(strtok.o)
 .comment       0x00000030       0x31 d:/program files (x86)/atmel/studio/7.0/toolchain/avr8/avr8-gnu-toolchain/bin/../lib/gcc/avr/5.4.0/../../../../avr/lib/avr5\libc.a(sprintf_p.o)
 .comment       0x00000030       0x2c d:/program files (x86)/atmel/studio/7.0/toolchain/avr8/avr8-gnu-toolchain/bin/../lib/gcc/avr/5.4.0/../../../../avr/lib/avr5\libc.a(vfprintf_std.o)
                                 0x2d (size before relaxing)
 .comment       0x0000005c       0x2d d:/program files (x86)/atmel/studio/7.0/toolchain/avr8/avr8-gnu-toolchain/bin/../lib/gcc/avr/5.4.0/../../../../avr/lib/avr5\libc.a(errno.o)
 .comment       0x0000005c       0x31 d:/program files (x86)/atmel/studio/7.0/toolchain/avr8/avr8-gnu-toolchain/bin/../lib/gcc/avr/5.4.0/../../../../avr/lib/avr5\libc.a(dtoa_prf.o)
 .comment       0x0000005c       0x31 d:/program files (x86)/atmel/studio/7.0/toolchain/avr8/avr8-gnu-toolchain/bin/../lib/gcc/avr/5.4.0/../../../../avr/lib/avr5\libc.a(fputc.o)

.note.gnu.avr.deviceinfo
                0x00000000       0x40
 .note.gnu.avr.deviceinfo
                0x00000000       0x40 D:/Program Files (x86)/Atmel/Studio/7.0/Packs/atmel/ATmega_DFP/1.3.300/gcc/dev/atmega328p/avr5/crtatmega328p.o

.note.gnu.build-id
 *(.note.gnu.build-id)

.debug
 *(.debug)

.line
 *(.line)

.debug_srcinfo
 *(.debug_srcinfo)

.debug_sfnames
 *(.debug_sfnames)

.debug_aranges  0x00000000       0xc0
 *(.debug_aranges)
 .debug_aranges
                0x00000000       0x20 D:/Program Files (x86)/Atmel/Studio/7.0/Packs/atmel/ATmega_DFP/1.3.300/gcc/dev/atmega328p/avr5\libatmega328p.a(eerd_block.o)
 .debug_aranges
                0x00000020       0x20 D:/Program Files (x86)/Atmel/Studio/7.0/Packs/atmel/ATmega_DFP/1.3.300/gcc/dev/atmega328p/avr5\libatmega328p.a(eerd_byte.o)
 .debug_aranges
                0x00000040       0x20 D:/Program Files (x86)/Atmel/Studio/7.0/Packs/atmel/ATmega_DFP/1.3.300/gcc/dev/atmega328p/avr5\libatmega328p.a(eerd_word.o)
 .debug_aranges
                0x00000060       0x20 D:/Program Files (x86)/Atmel/Studio/7.0/Packs/atmel/ATmega_DFP/1.3.300/gcc/dev/atmega328p/avr5\libatmega328p.a(eeupd_block.o)
 .debug_aranges
                0x00000080       0x20 D:/Program Files (x86)/Atmel/Studio/7.0/Packs/atmel/ATmega_DFP/1.3.300/gcc/dev/atmega328p/avr5\libatmega328p.a(eeupd_byte.o)
 .debug_aranges
                0x000000a0       0x20 D:/Program Files (x86)/Atmel/Studio/7.0/Packs/atmel/ATmega_DFP/1.3.300/gcc/dev/atmega328p/avr5\libatmega328p.a(eeupd_word.o)

.debug_pubnames
 *(.debug_pubnames)

.debug_info     0x00000000      0x995
 *(.debug_info .gnu.linkonce.wi.*)
 .debug_info    0x00000000      0x5f4 D:/Program Files (x86)/Atmel/Studio/7.0/Packs/atmel/ATmega_DFP/1.3.300/gcc/dev/atmega328p/avr5/crtatmega328p.o
 .debug_info    0x000005f4       0x9b D:/Program Files (x86)/Atmel/Studio/7.0/Packs/atmel/ATmega_DFP/1.3.300/gcc/dev/atmega328p/avr5\libatmega328p.a(eerd_block.o)
 .debug_info    0x0000068f       0x9a D:/Program Files (x86)/Atmel/Studio/7.0/Packs/atmel/ATmega_DFP/1.3.300/gcc/dev/atmega328p/avr5\libatmega328p.a(eerd_byte.o)
 .debug_info    0x00000729       0x9a D:/Program Files (x86)/Atmel/Studio/7.0/Packs/atmel/ATmega_DFP/1.3.300/gcc/dev/atmega328p/avr5\libatmega328p.a(eerd_word.o)
 .debug_info    0x000007c3       0x9c D:/Program Files (x86)/Atmel/Studio/7.0/Packs/atmel/ATmega_DFP/1.3.300/gcc/dev/atmega328p/avr5\libatmega328p.a(eeupd_block.o)
 .debug_info    0x0000085f       0x9b D:/Program Files (x86)/Atmel/Studio/7.0/Packs/atmel/ATmega_DFP/1.3.300/gcc/dev/atmega328p/avr5\libatmega328p.a(eeupd_byte.o)
 .debug_info    0x000008fa       0x9b D:/Program Files (x86)/Atmel/Studio/7.0/Packs/atmel/ATmega_DFP/1.3.300/gcc/dev/atmega328p/avr5\libatmega328p.a(eeupd_word.o)

.debug_abbrev   0x00000000      0x61a
 *(.debug_abbrev)
 .debug_abbrev  0x00000000      0x5a2 D:/Program Files (x86)/Atmel/Studio/7.0/Packs/atmel/ATmega_DFP/1.3.300/gcc/dev/atmega328p/avr5/crtatmega328p.o
 .debug_abbrev  0x000005a2       0x14 D:/Program Files (x86)/Atmel/Studio/7.0/Packs/atmel/ATmega_DFP/1.3.300/gcc/dev/atmega328p/avr5\libatmega328p.a(eerd_block.o)
 .debug_abbrev  0x000005b6       0x14 D:/Program Files (x86)/Atmel/Studio/7.0/Packs/atmel/ATmega_DFP/1.3.300/gcc/dev/atmega328p/avr5\libatmega328p.a(eerd_byte.o)
 .debug_abbrev  0x000005ca       0x14 D:/Program Files (x86)/Atmel/Studio/7.0/Packs/atmel/ATmega_DFP/1.3.300/gcc/dev/atmega328p/avr5\libatmega328p.a(eerd_word.o)
 .debug_abbrev  0x000005de       0x14 D:/Program Files (x86)/Atmel/Studio/7.0/Packs/atmel/ATmega_DFP/1.3.300/gcc/dev/atmega328p/avr5\libatmega328p.a(eeupd_block.o)
 .debug_abbrev  0x000005f2       0x14 D:/Program Files (x86)/Atmel/Studio/7.0/Packs/atmel/ATmega_DFP/1.3.300/gcc/dev/atmega328p/avr5\libatmega328p.a(eeupd_byte.o)
 .debug_abbrev  0x00000606       0x14 D:/Program Files (x86)/Atmel/Studio/7.0/Packs/atmel/ATmega_DFP/1.3.300/gcc/dev/atmega328p/avr5\libatmega328p.a(eeupd_word.o)

.debug_line     0x00000000      0x47c
 *(.debug_line .debug_line.* .debug_line_end)
 .debug_line    0x00000000      0x133 D:/Program Files (x86)/Atmel/Studio/7.0/Packs/atmel/ATmega_DFP/1.3.300/gcc/dev/atmega328p/avr5/crtatmega328p.o
 .debug_line    0x00000133       0xab D:/Program Files (x86)/Atmel/Studio/7.0/Packs/atmel/ATmega_DFP/1.3.300/gcc/dev/atmega328p/avr5\libatmega328p.a(eerd_block.o)
 .debug_line    0x000001de       0x7a D:/Program Files (x86)/Atmel/Studio/7.0/Packs/atmel/ATmega_DFP/1.3.300/gcc/dev/atmega328p/avr5\libatmega328p.a(eerd_byte.o)
 .debug_line    0x00000258       0x67 D:/Program Files (x86)/Atmel/Studio/7.0/Packs/atmel/ATmega_DFP/1.3.300/gcc/dev/atmega328p/avr5\libatmega328p.a(eerd_word.o)
 .debug_line    0x000002bf       0xa5 D:/Program Files (x86)/Atmel/Studio/7.0/Packs/atmel/ATmega_DFP/1.3.300/gcc/dev/atmega328p/avr5\libatmega328p.a(eeupd_block.o)
 .debug_line    0x00000364       0xb6 D:/Program Files (x86)/Atmel/Studio/7.0/Packs/atmel/ATmega_DFP/1.3.300/gcc/dev/atmega328p/avr5\libatmega328p.a(eeupd_byte.o)
 .debug_line    0x0000041a       0x62 D:/Program Files (x86)/Atmel/Studio/7.0/Packs/atmel/ATmega_DFP/1.3.300/gcc/dev/atmega328p/avr5\libatmega328p.a(eeupd_word.o)

.debug_frame
 *(.debug_frame)

.debug_str      0x00000000      0x208
 *(.debug_str)
 .debug_str     0x00000000      0x208 D:/Program Files (x86)/Atmel/Studio/7.0/Packs/atmel/ATmega_DFP/1.3.300/gcc/dev/atmega328p/avr5/crtatmega328p.o

.debug_loc
 *(.debug_loc)

.debug_macinfo
 *(.debug_macinfo)

.debug_weaknames
 *(.debug_weaknames)

.debug_funcnames
 *(.debug_funcnames)

.debug_typenames
 *(.debug_typenames)

.debug_varnames
 *(.debug_varnames)

.debug_pubtypes
 *(.debug_pubtypes)

.debug_ranges
 *(.debug_ranges)

.debug_macro
 *(.debug_macro)
OUTPUT(sensor.elf elf32-avr)
LOAD linker stubs
